Configuration file: /Users/audren.mauplot/abtasty-landing/_config.yml
            Source: /Users/audren.mauplot/abtasty-landing
       Destination: /Users/audren.mauplot/abtasty-landing/_site
 Incremental build: disabled. Enable with --incremental
      Generating... 
Fetching external posts from medium.com:
...fetching https://medium.com/@al-folio/displaying-external-posts-on-your-al-folio-blog-b60a1d241a0a?source=rss-17feae71c3c4------2
Fetching external posts from Google Blog:
...fetching https://blog.google/technology/ai/google-gemini-update-flash-ai-assistant-io-2024/
Terser: Minifying /Users/audren.mauplot/abtasty-landing/assets/js/bibsearch.js
Terser: Minifying /Users/audren.mauplot/abtasty-landing/assets/js/chartjs-setup.js
Terser: Minifying /Users/audren.mauplot/abtasty-landing/assets/js/common.js
Terser: Minifying /Users/audren.mauplot/abtasty-landing/assets/js/copy_code.js
Terser: Minifying /Users/audren.mauplot/abtasty-landing/assets/js/diff2html-setup.js
Terser: Minifying /Users/audren.mauplot/abtasty-landing/assets/js/distillpub/overrides.js
Terser: Minifying /Users/audren.mauplot/abtasty-landing/assets/js/distillpub/template.v2.js
Terser: Minifying /Users/audren.mauplot/abtasty-landing/assets/js/distillpub/transforms.v2.js
Terser: Minifying /Users/audren.mauplot/abtasty-landing/assets/js/echarts-setup.js
Terser: Minifying /Users/audren.mauplot/abtasty-landing/assets/js/highlight-search-term.js
Terser: Minifying /Users/audren.mauplot/abtasty-landing/assets/js/jupyter_new_tab.js
Terser: Minifying /Users/audren.mauplot/abtasty-landing/assets/js/leaflet-setup.js
Terser: Minifying /Users/audren.mauplot/abtasty-landing/assets/js/masonry.js
Terser: Minifying /Users/audren.mauplot/abtasty-landing/assets/js/mathjax-setup.js
Terser: Minifying /Users/audren.mauplot/abtasty-landing/assets/js/mermaid-setup.js
Terser: Minifying /Users/audren.mauplot/abtasty-landing/assets/js/newsletter.js
Terser: Minifying /Users/audren.mauplot/abtasty-landing/assets/js/no_defer.js
Terser: Minifying /Users/audren.mauplot/abtasty-landing/assets/js/plotly-setup.js
Terser: Minifying /Users/audren.mauplot/abtasty-landing/assets/js/progress-bar.js
Terser: Minifying /Users/audren.mauplot/abtasty-landing/assets/js/pseudocode-setup.js
Terser: Minifying /Users/audren.mauplot/abtasty-landing/assets/js/search-setup.js
Terser: Minifying /Users/audren.mauplot/abtasty-landing/assets/js/shortcut-key.js
Terser: Minifying /Users/audren.mauplot/abtasty-landing/assets/js/theme.js
Terser: Minifying /Users/audren.mauplot/abtasty-landing/assets/js/tooltips-setup.js
Terser: Minifying /Users/audren.mauplot/abtasty-landing/assets/js/typograms.js
Terser: Minifying /Users/audren.mauplot/abtasty-landing/assets/js/vega-setup.js
Terser: Minifying /Users/audren.mauplot/abtasty-landing/assets/js/venobox-setup.js
Terser: Minifying /Users/audren.mauplot/abtasty-landing/assets/js/wechat.js
Terser: Minifying /Users/audren.mauplot/abtasty-landing/assets/js/zoom.js
       Imagemagick: Searching files in /Users/audren.mauplot/abtasty-landing/assets/img/
       Imagemagick: Adding static file /Users/audren.mauplot/abtasty-landing/_site/assets/img/1-480.webp
       Imagemagick: Adding static file /Users/audren.mauplot/abtasty-landing/_site/assets/img/1-800.webp
       Imagemagick: Adding static file /Users/audren.mauplot/abtasty-landing/_site/assets/img/1-1400.webp
       Imagemagick: Adding static file /Users/audren.mauplot/abtasty-landing/_site/assets/img/10-480.webp
       Imagemagick: Adding static file /Users/audren.mauplot/abtasty-landing/_site/assets/img/10-800.webp
       Imagemagick: Adding static file /Users/audren.mauplot/abtasty-landing/_site/assets/img/10-1400.webp
       Imagemagick: Adding static file /Users/audren.mauplot/abtasty-landing/_site/assets/img/11-480.webp
       Imagemagick: Adding static file /Users/audren.mauplot/abtasty-landing/_site/assets/img/11-800.webp
       Imagemagick: Adding static file /Users/audren.mauplot/abtasty-landing/_site/assets/img/11-1400.webp
       Imagemagick: Adding static file /Users/audren.mauplot/abtasty-landing/_site/assets/img/12-480.webp
       Imagemagick: Adding static file /Users/audren.mauplot/abtasty-landing/_site/assets/img/12-800.webp
       Imagemagick: Adding static file /Users/audren.mauplot/abtasty-landing/_site/assets/img/12-1400.webp
       Imagemagick: Adding static file /Users/audren.mauplot/abtasty-landing/_site/assets/img/2-480.webp
       Imagemagick: Adding static file /Users/audren.mauplot/abtasty-landing/_site/assets/img/2-800.webp
       Imagemagick: Adding static file /Users/audren.mauplot/abtasty-landing/_site/assets/img/2-1400.webp
       Imagemagick: Adding static file /Users/audren.mauplot/abtasty-landing/_site/assets/img/3-480.webp
       Imagemagick: Adding static file /Users/audren.mauplot/abtasty-landing/_site/assets/img/3-800.webp
       Imagemagick: Adding static file /Users/audren.mauplot/abtasty-landing/_site/assets/img/3-1400.webp
       Imagemagick: Adding static file /Users/audren.mauplot/abtasty-landing/_site/assets/img/4-480.webp
       Imagemagick: Adding static file /Users/audren.mauplot/abtasty-landing/_site/assets/img/4-800.webp
       Imagemagick: Adding static file /Users/audren.mauplot/abtasty-landing/_site/assets/img/4-1400.webp
       Imagemagick: Adding static file /Users/audren.mauplot/abtasty-landing/_site/assets/img/5-480.webp
       Imagemagick: Adding static file /Users/audren.mauplot/abtasty-landing/_site/assets/img/5-800.webp
       Imagemagick: Adding static file /Users/audren.mauplot/abtasty-landing/_site/assets/img/5-1400.webp
       Imagemagick: Adding static file /Users/audren.mauplot/abtasty-landing/_site/assets/img/6-480.webp
       Imagemagick: Adding static file /Users/audren.mauplot/abtasty-landing/_site/assets/img/6-800.webp
       Imagemagick: Adding static file /Users/audren.mauplot/abtasty-landing/_site/assets/img/6-1400.webp
       Imagemagick: Adding static file /Users/audren.mauplot/abtasty-landing/_site/assets/img/7-480.webp
       Imagemagick: Adding static file /Users/audren.mauplot/abtasty-landing/_site/assets/img/7-800.webp
       Imagemagick: Adding static file /Users/audren.mauplot/abtasty-landing/_site/assets/img/7-1400.webp
       Imagemagick: Adding static file /Users/audren.mauplot/abtasty-landing/_site/assets/img/8-480.webp
       Imagemagick: Adding static file /Users/audren.mauplot/abtasty-landing/_site/assets/img/8-800.webp
       Imagemagick: Adding static file /Users/audren.mauplot/abtasty-landing/_site/assets/img/8-1400.webp
       Imagemagick: Adding static file /Users/audren.mauplot/abtasty-landing/_site/assets/img/9-480.webp
       Imagemagick: Adding static file /Users/audren.mauplot/abtasty-landing/_site/assets/img/9-800.webp
       Imagemagick: Adding static file /Users/audren.mauplot/abtasty-landing/_site/assets/img/9-1400.webp
       Imagemagick: Adding static file /Users/audren.mauplot/abtasty-landing/_site/assets/img/book_covers/the_godfather-480.webp
       Imagemagick: Adding static file /Users/audren.mauplot/abtasty-landing/_site/assets/img/book_covers/the_godfather-800.webp
       Imagemagick: Adding static file /Users/audren.mauplot/abtasty-landing/_site/assets/img/book_covers/the_godfather-1400.webp
       Imagemagick: Adding static file /Users/audren.mauplot/abtasty-landing/_site/assets/img/prof_pic-480.webp
       Imagemagick: Adding static file /Users/audren.mauplot/abtasty-landing/_site/assets/img/prof_pic-800.webp
       Imagemagick: Adding static file /Users/audren.mauplot/abtasty-landing/_site/assets/img/prof_pic-1400.webp
       Imagemagick: Adding static file /Users/audren.mauplot/abtasty-landing/_site/assets/img/prof_pic_color-480.webp
       Imagemagick: Adding static file /Users/audren.mauplot/abtasty-landing/_site/assets/img/prof_pic_color-800.webp
       Imagemagick: Adding static file /Users/audren.mauplot/abtasty-landing/_site/assets/img/prof_pic_color-1400.webp
       Imagemagick: Adding static file /Users/audren.mauplot/abtasty-landing/_site/assets/img/publication_preview/brownian-motion-480.webp
       Imagemagick: Adding static file /Users/audren.mauplot/abtasty-landing/_site/assets/img/publication_preview/brownian-motion-800.webp
       Imagemagick: Adding static file /Users/audren.mauplot/abtasty-landing/_site/assets/img/publication_preview/brownian-motion-1400.webp
       Imagemagick: Adding static file /Users/audren.mauplot/abtasty-landing/_site/assets/img/publication_preview/wave-mechanics-480.webp
       Imagemagick: Adding static file /Users/audren.mauplot/abtasty-landing/_site/assets/img/publication_preview/wave-mechanics-800.webp
       Imagemagick: Adding static file /Users/audren.mauplot/abtasty-landing/_site/assets/img/publication_preview/wave-mechanics-1400.webp
       Imagemagick: Adding static file /Users/audren.mauplot/abtasty-landing/_site/assets/img/rhino-480.webp
       Imagemagick: Adding static file /Users/audren.mauplot/abtasty-landing/_site/assets/img/rhino-800.webp
       Imagemagick: Adding static file /Users/audren.mauplot/abtasty-landing/_site/assets/img/rhino-1400.webp
       Imagemagick: Adding static file /Users/audren.mauplot/abtasty-landing/_site/assets/img/template_error-480.webp
       Imagemagick: Adding static file /Users/audren.mauplot/abtasty-landing/_site/assets/img/template_error-800.webp
       Imagemagick: Adding static file /Users/audren.mauplot/abtasty-landing/_site/assets/img/template_error-1400.webp
       Imagemagick: Generated 0 file(s)
       Jekyll Feed: Generating feed for posts
         AutoPages: Disabled/Not configured in site.config.
        Pagination: Complete, processed 1 pagination page(s)
DEPRECATION WARNING [import]: Sass @import rules are deprecated and will be removed in Dart Sass 3.0.0.

More info and automated migrator: https://sass-lang.com/d/import

  ╷
7 │   "variables",
  │   ^^^^^^^^^^^
  ╵
    /Users/audren.mauplot/abtasty-landing/assets/css/main.scss 7:3  root stylesheet
DEPRECATION WARNING [import]: Sass @import rules are deprecated and will be removed in Dart Sass 3.0.0.

More info and automated migrator: https://sass-lang.com/d/import

  ╷
8 │   "themes",
  │   ^^^^^^^^
  ╵
    /Users/audren.mauplot/abtasty-landing/assets/css/main.scss 8:3  root stylesheet
DEPRECATION WARNING [import]: Sass @import rules are deprecated and will be removed in Dart Sass 3.0.0.

More info and automated migrator: https://sass-lang.com/d/import

  ╷
9 │   "layout",
  │   ^^^^^^^^
  ╵
    /Users/audren.mauplot/abtasty-landing/assets/css/main.scss 9:3  root stylesheet
DEPRECATION WARNING [import]: Sass @import rules are deprecated and will be removed in Dart Sass 3.0.0.

More info and automated migrator: https://sass-lang.com/d/import

   ╷
10 │   "base",
   │   ^^^^^^
   ╵
    /Users/audren.mauplot/abtasty-landing/assets/css/main.scss 10:3  root stylesheet
DEPRECATION WARNING [import]: Sass @import rules are deprecated and will be removed in Dart Sass 3.0.0.

More info and automated migrator: https://sass-lang.com/d/import

   ╷
11 │   "distill",
   │   ^^^^^^^^^
   ╵
    /Users/audren.mauplot/abtasty-landing/assets/css/main.scss 11:3  root stylesheet
DEPRECATION WARNING [if-function]: The Sass if() syntax is deprecated in favor of the modern CSS syntax.

Suggestion: if(sass($dividend > 0 and $divisor > 0): 1; else: -1)

More info: https://sass-lang.com/d/if-function

   ╷
35 │   $sign: if($dividend > 0 and $divisor > 0, 1, -1);
   │          ^^^^^^^^^^^^^^^^^^^^^^^^^^^^^^^^^^^^^^^^^
   ╵
    /Users/audren.mauplot/abtasty-landing/_sass/font-awesome/_functions.scss 35:10  @import
    font-awesome/fontawesome.scss 9:9                                               @import
    /Users/audren.mauplot/abtasty-landing/assets/css/main.scss 15:3                 root stylesheet
DEPRECATION WARNING [global-builtin]: Global built-in functions are deprecated and will be removed in Dart Sass 3.0.0.
Use string.unquote instead.

More info and automated migrator: https://sass-lang.com/d/import

  ╷
9 │     #{$fa-icon-property}: unquote("\"#{ $icon }\"");
  │                           ^^^^^^^^^^^^^^^^^^^^^^^^^
  ╵
    /Users/audren.mauplot/abtasty-landing/_sass/font-awesome/_icons.scss 9:27  @import
    font-awesome/fontawesome.scss 20:9                                         @import
    /Users/audren.mauplot/abtasty-landing/assets/css/main.scss 15:3            root stylesheet
DEPRECATION WARNING [global-builtin]: Global built-in functions are deprecated and will be removed in Dart Sass 3.0.0.
Use string.unquote instead.

More info and automated migrator: https://sass-lang.com/d/import

   ╷
10 │     #{$fa-duotone-icon-property}: unquote("\"#{$icon}#{$icon}\"");
   │                                   ^^^^^^^^^^^^^^^^^^^^^^^^^^^^^^^
   ╵
    /Users/audren.mauplot/abtasty-landing/_sass/font-awesome/_icons.scss 10:35  @import
    font-awesome/fontawesome.scss 20:9                                          @import
    /Users/audren.mauplot/abtasty-landing/assets/css/main.scss 15:3             root stylesheet
DEPRECATION WARNING [global-builtin]: Global built-in functions are deprecated and will be removed in Dart Sass 3.0.0.
Use string.unquote instead.

More info and automated migrator: https://sass-lang.com/d/import

   ╷
29 │   .#{$fa-css-prefix}-#{$name} { #{$fa-icon-property}: unquote("\"#{ $icon }\""); }
   │                                                       ^^^^^^^^^^^^^^^^^^^^^^^^^
   ╵
    font-awesome/brands.scss 29:55                                   @import
    /Users/audren.mauplot/abtasty-landing/assets/css/main.scss 16:3  root stylesheet
DEPRECATION WARNING [global-builtin]: Global built-in functions are deprecated and will be removed in Dart Sass 3.0.0.
Use string.unquote instead.

More info and automated migrator: https://sass-lang.com/d/import

   ╷
36 │   @return unquote("\"")+unquote(str-insert($str, "\\", 1))+unquote("\"")
   │           ^^^^^^^^^^^^^
   ╵
    tabler-icons/tabler-icons.scss 36:11                             unicode()
    tabler-icons/tabler-icons.scss 40:15                             @import
    /Users/audren.mauplot/abtasty-landing/assets/css/main.scss 19:3  root stylesheet
DEPRECATION WARNING [global-builtin]: Global built-in functions are deprecated and will be removed in Dart Sass 3.0.0.
Use string.insert instead.

More info and automated migrator: https://sass-lang.com/d/import

   ╷
36 │   @return unquote("\"")+unquote(str-insert($str, "\\", 1))+unquote("\"")
   │                                 ^^^^^^^^^^^^^^^^^^^^^^^^^
   ╵
    tabler-icons/tabler-icons.scss 36:33                             unicode()
    tabler-icons/tabler-icons.scss 40:15                             @import
    /Users/audren.mauplot/abtasty-landing/assets/css/main.scss 19:3  root stylesheet
DEPRECATION WARNING [color-functions]: darken() is deprecated. Suggestions:

color.scale($color, $lightness: -26.7015706806%)
color.adjust($color, $lightness: -10%)

More info: https://sass-lang.com/d/color-functions

   ╷
29 │     background-color: darken($abtasty-button, 10%) !important;
   │                       ^^^^^^^^^^^^^^^^^^^^^^^^^^^^
   ╵
    /Users/audren.mauplot/abtasty-landing/assets/css/main.scss 29:23  root stylesheet
DEPRECATION WARNING [color-functions]: darken() is deprecated. Suggestions:

color.scale($color, $lightness: -26.7015706806%)
color.adjust($color, $lightness: -10%)

More info: https://sass-lang.com/d/color-functions

   ╷
30 │     border-color: darken($abtasty-button, 10%) !important;
   │                   ^^^^^^^^^^^^^^^^^^^^^^^^^^^^
   ╵
    /Users/audren.mauplot/abtasty-landing/assets/css/main.scss 30:19  root stylesheet
DEPRECATION WARNING [color-functions]: darken() is deprecated. Suggestions:

color.scale($color, $lightness: -26.7015706806%)
color.adjust($color, $lightness: -10%)

More info: https://sass-lang.com/d/color-functions

   ╷
38 │     color: darken($abtasty-button, 10%);
   │            ^^^^^^^^^^^^^^^^^^^^^^^^^^^^
   ╵
    /Users/audren.mauplot/abtasty-landing/assets/css/main.scss 38:12  root stylesheet
WARNING: 42 repetitive deprecation warnings omitted.
Run in verbose mode to see all warnings.
[31m  Liquid Exception: Could not locate the included file 'about_einstein.md' in any of ["/Users/audren.mauplot/abtasty-landing/_pages"]. Ensure it exists in one of those directories and, if it is a symlink, does not point outside your site source. in /Users/audren.mauplot/abtasty-landing/_layouts/profiles.liquid[0m
[31m                    ------------------------------------------------[0m
[31m      Jekyll 4.4.1   Please append `--trace` to the `serve` command [0m
[31m                     for any additional information or backtrace. [0m
[31m                    ------------------------------------------------[0m
/Users/audren.mauplot/abtasty-landing/vendor/bundle/ruby/4.0.0/gems/jekyll-4.4.1/lib/jekyll/tags/include.rb:103:in 'Jekyll::Tags::IncludeTag#locate_include_file': Could not locate the included file 'about_einstein.md' in any of ["/Users/audren.mauplot/abtasty-landing/_pages"]. Ensure it exists in one of those directories and, if it is a symlink, does not point outside your site source. (IOError)
	from /Users/audren.mauplot/abtasty-landing/vendor/bundle/ruby/4.0.0/gems/jekyll-4.4.1/lib/jekyll/tags/include.rb:112:in 'Jekyll::Tags::IncludeTag#render'
	from /Users/audren.mauplot/abtasty-landing/vendor/bundle/ruby/4.0.0/gems/liquid-4.0.4/lib/liquid/block_body.rb:103:in 'Liquid::BlockBody#render_node_to_output'
	from /Users/audren.mauplot/abtasty-landing/vendor/bundle/ruby/4.0.0/gems/liquid-4.0.4/lib/liquid/block_body.rb:91:in 'Liquid::BlockBody#render'
	from /Users/audren.mauplot/abtasty-landing/vendor/bundle/ruby/4.0.0/gems/liquid-4.0.4/lib/liquid/block.rb:17:in 'Liquid::Block#render'
	from /Users/audren.mauplot/abtasty-landing/vendor/bundle/ruby/4.0.0/gems/liquid-4.0.4/lib/liquid/tags/capture.rb:26:in 'Liquid::Capture#render'
	from /Users/audren.mauplot/abtasty-landing/vendor/bundle/ruby/4.0.0/gems/liquid-4.0.4/lib/liquid/block_body.rb:103:in 'Liquid::BlockBody#render_node_to_output'
	from /Users/audren.mauplot/abtasty-landing/vendor/bundle/ruby/4.0.0/gems/liquid-4.0.4/lib/liquid/block_body.rb:82:in 'Liquid::BlockBody#render'
	from /Users/audren.mauplot/abtasty-landing/vendor/bundle/ruby/4.0.0/gems/liquid-4.0.4/lib/liquid/tags/if.rb:46:in 'block (2 levels) in Liquid::If#render'
	from /Users/audren.mauplot/abtasty-landing/vendor/bundle/ruby/4.0.0/gems/liquid-4.0.4/lib/liquid/tags/if.rb:44:in 'Array#each'
	from /Users/audren.mauplot/abtasty-landing/vendor/bundle/ruby/4.0.0/gems/liquid-4.0.4/lib/liquid/tags/if.rb:44:in 'block in Liquid::If#render'
	from /Users/audren.mauplot/abtasty-landing/vendor/bundle/ruby/4.0.0/gems/liquid-4.0.4/lib/liquid/context.rb:123:in 'Liquid::Context#stack'
	from /Users/audren.mauplot/abtasty-landing/vendor/bundle/ruby/4.0.0/gems/liquid-4.0.4/lib/liquid/tags/if.rb:43:in 'Liquid::If#render'
	from /Users/audren.mauplot/abtasty-landing/vendor/bundle/ruby/4.0.0/gems/liquid-4.0.4/lib/liquid/block_body.rb:103:in 'Liquid::BlockBody#render_node_to_output'
	from /Users/audren.mauplot/abtasty-landing/vendor/bundle/ruby/4.0.0/gems/liquid-4.0.4/lib/liquid/block_body.rb:82:in 'Liquid::BlockBody#render'
	from /Users/audren.mauplot/abtasty-landing/vendor/bundle/ruby/4.0.0/gems/liquid-4.0.4/lib/liquid/tags/for.rb:160:in 'block (2 levels) in Liquid::For#render_segment'
	from /Users/audren.mauplot/abtasty-landing/vendor/bundle/ruby/4.0.0/gems/liquid-4.0.4/lib/liquid/tags/for.rb:158:in 'Array#each'
	from /Users/audren.mauplot/abtasty-landing/vendor/bundle/ruby/4.0.0/gems/liquid-4.0.4/lib/liquid/tags/for.rb:158:in 'block in Liquid::For#render_segment'
	from /Users/audren.mauplot/abtasty-landing/vendor/bundle/ruby/4.0.0/gems/liquid-4.0.4/lib/liquid/context.rb:123:in 'Liquid::Context#stack'
	from /Users/audren.mauplot/abtasty-landing/vendor/bundle/ruby/4.0.0/gems/liquid-4.0.4/lib/liquid/tags/for.rb:150:in 'Liquid::For#render_segment'
	from /Users/audren.mauplot/abtasty-landing/vendor/bundle/ruby/4.0.0/gems/liquid-4.0.4/lib/liquid/tags/for.rb:79:in 'Liquid::For#render'
	from /Users/audren.mauplot/abtasty-landing/vendor/bundle/ruby/4.0.0/gems/liquid-4.0.4/lib/liquid/block_body.rb:103:in 'Liquid::BlockBody#render_node_to_output'
	from /Users/audren.mauplot/abtasty-landing/vendor/bundle/ruby/4.0.0/gems/liquid-4.0.4/lib/liquid/block_body.rb:82:in 'Liquid::BlockBody#render'
	from /Users/audren.mauplot/abtasty-landing/vendor/bundle/ruby/4.0.0/gems/liquid-4.0.4/lib/liquid/tags/if.rb:46:in 'block (2 levels) in Liquid::If#render'
	from /Users/audren.mauplot/abtasty-landing/vendor/bundle/ruby/4.0.0/gems/liquid-4.0.4/lib/liquid/tags/if.rb:44:in 'Array#each'
	from /Users/audren.mauplot/abtasty-landing/vendor/bundle/ruby/4.0.0/gems/liquid-4.0.4/lib/liquid/tags/if.rb:44:in 'block in Liquid::If#render'
	from /Users/audren.mauplot/abtasty-landing/vendor/bundle/ruby/4.0.0/gems/liquid-4.0.4/lib/liquid/context.rb:123:in 'Liquid::Context#stack'
	from /Users/audren.mauplot/abtasty-landing/vendor/bundle/ruby/4.0.0/gems/liquid-4.0.4/lib/liquid/tags/if.rb:43:in 'Liquid::If#render'
	from /Users/audren.mauplot/abtasty-landing/vendor/bundle/ruby/4.0.0/gems/liquid-4.0.4/lib/liquid/block_body.rb:103:in 'Liquid::BlockBody#render_node_to_output'
	from /Users/audren.mauplot/abtasty-landing/vendor/bundle/ruby/4.0.0/gems/liquid-4.0.4/lib/liquid/block_body.rb:82:in 'Liquid::BlockBody#render'
	from /Users/audren.mauplot/abtasty-landing/vendor/bundle/ruby/4.0.0/gems/liquid-4.0.4/lib/liquid/template.rb:206:in 'block in Liquid::Template#render'
	from /Users/audren.mauplot/abtasty-landing/vendor/bundle/ruby/4.0.0/gems/liquid-4.0.4/lib/liquid/template.rb:240:in 'Liquid::Template#with_profiling'
	from /Users/audren.mauplot/abtasty-landing/vendor/bundle/ruby/4.0.0/gems/liquid-4.0.4/lib/liquid/template.rb:205:in 'Liquid::Template#render'
	from /Users/audren.mauplot/abtasty-landing/vendor/bundle/ruby/4.0.0/gems/liquid-4.0.4/lib/liquid/template.rb:218:in 'Liquid::Template#render!'
	from /Users/audren.mauplot/abtasty-landing/vendor/bundle/ruby/4.0.0/gems/jekyll-4.4.1/lib/jekyll/liquid_renderer/file.rb:39:in 'block (3 levels) in Jekyll::LiquidRenderer::File#render!'
	from /Users/audren.mauplot/abtasty-landing/vendor/bundle/ruby/4.0.0/gems/jekyll-4.4.1/lib/jekyll/liquid_renderer/file.rb:59:in 'Jekyll::LiquidRenderer::File#measure_counts'
	from /Users/audren.mauplot/abtasty-landing/vendor/bundle/ruby/4.0.0/gems/jekyll-4.4.1/lib/jekyll/liquid_renderer/file.rb:38:in 'block (2 levels) in Jekyll::LiquidRenderer::File#render!'
	from /Users/audren.mauplot/abtasty-landing/vendor/bundle/ruby/4.0.0/gems/jekyll-4.4.1/lib/jekyll/liquid_renderer/file.rb:63:in 'Jekyll::LiquidRenderer::File#measure_bytes'
	from /Users/audren.mauplot/abtasty-landing/vendor/bundle/ruby/4.0.0/gems/jekyll-4.4.1/lib/jekyll/liquid_renderer/file.rb:37:in 'block in Jekyll::LiquidRenderer::File#render!'
	from /Users/audren.mauplot/abtasty-landing/vendor/bundle/ruby/4.0.0/gems/jekyll-4.4.1/lib/jekyll/liquid_renderer/file.rb:70:in 'Jekyll::LiquidRenderer::File#measure_time'
	from /Users/audren.mauplot/abtasty-landing/vendor/bundle/ruby/4.0.0/gems/jekyll-4.4.1/lib/jekyll/liquid_renderer/file.rb:36:in 'Jekyll::LiquidRenderer::File#render!'
	from /Users/audren.mauplot/abtasty-landing/vendor/bundle/ruby/4.0.0/gems/jekyll-4.4.1/lib/jekyll/renderer.rb:129:in 'Jekyll::Renderer#render_liquid'
	from /Users/audren.mauplot/abtasty-landing/vendor/bundle/ruby/4.0.0/gems/jekyll-4.4.1/lib/jekyll/renderer.rb:192:in 'Jekyll::Renderer#render_layout'
	from /Users/audren.mauplot/abtasty-landing/vendor/bundle/ruby/4.0.0/gems/jekyll-4.4.1/lib/jekyll/renderer.rb:161:in 'Jekyll::Renderer#place_in_layouts'
	from /Users/audren.mauplot/abtasty-landing/vendor/bundle/ruby/4.0.0/gems/jekyll-4.4.1/lib/jekyll/renderer.rb:93:in 'Jekyll::Renderer#render_document'
	from /Users/audren.mauplot/abtasty-landing/vendor/bundle/ruby/4.0.0/gems/jekyll-4.4.1/lib/jekyll/renderer.rb:63:in 'Jekyll::Renderer#run'
	from /Users/audren.mauplot/abtasty-landing/vendor/bundle/ruby/4.0.0/gems/jekyll-4.4.1/lib/jekyll/site.rb:572:in 'Jekyll::Site#render_regenerated'
	from /Users/audren.mauplot/abtasty-landing/vendor/bundle/ruby/4.0.0/gems/jekyll-4.4.1/lib/jekyll/site.rb:564:in 'block in Jekyll::Site#render_pages'
	from /Users/audren.mauplot/abtasty-landing/vendor/bundle/ruby/4.0.0/gems/jekyll-4.4.1/lib/jekyll/site.rb:563:in 'Array#each'
	from /Users/audren.mauplot/abtasty-landing/vendor/bundle/ruby/4.0.0/gems/jekyll-4.4.1/lib/jekyll/site.rb:563:in 'Jekyll::Site#render_pages'
	from /Users/audren.mauplot/abtasty-landing/vendor/bundle/ruby/4.0.0/gems/jekyll-4.4.1/lib/jekyll/site.rb:211:in 'Jekyll::Site#render'
	from /Users/audren.mauplot/abtasty-landing/vendor/bundle/ruby/4.0.0/gems/jekyll-4.4.1/lib/jekyll/site.rb:80:in 'Jekyll::Site#process'
	from /Users/audren.mauplot/abtasty-landing/vendor/bundle/ruby/4.0.0/gems/jekyll-4.4.1/lib/jekyll/command.rb:28:in 'Jekyll::Command.process_site'
	from /Users/audren.mauplot/abtasty-landing/vendor/bundle/ruby/4.0.0/gems/jekyll-4.4.1/lib/jekyll/commands/build.rb:65:in 'Jekyll::Commands::Build.build'
	from /Users/audren.mauplot/abtasty-landing/vendor/bundle/ruby/4.0.0/gems/jekyll-4.4.1/lib/jekyll/commands/build.rb:36:in 'Jekyll::Commands::Build.process'
	from /Users/audren.mauplot/abtasty-landing/vendor/bundle/ruby/4.0.0/gems/jekyll-4.4.1/lib/jekyll/command.rb:91:in 'block in Jekyll::Command.process_with_graceful_fail'
	from /Users/audren.mauplot/abtasty-landing/vendor/bundle/ruby/4.0.0/gems/jekyll-4.4.1/lib/jekyll/command.rb:91:in 'Array#each'
	from /Users/audren.mauplot/abtasty-landing/vendor/bundle/ruby/4.0.0/gems/jekyll-4.4.1/lib/jekyll/command.rb:91:in 'Jekyll::Command.process_with_graceful_fail'
	from /Users/audren.mauplot/abtasty-landing/vendor/bundle/ruby/4.0.0/gems/jekyll-4.4.1/lib/jekyll/commands/serve.rb:85:in 'block (2 levels) in Jekyll::Commands::Serve.init_with_program'
	from /Users/audren.mauplot/abtasty-landing/vendor/bundle/ruby/4.0.0/gems/mercenary-0.4.0/lib/mercenary/command.rb:221:in 'block in Mercenary::Command#execute'
	from /Users/audren.mauplot/abtasty-landing/vendor/bundle/ruby/4.0.0/gems/mercenary-0.4.0/lib/mercenary/command.rb:221:in 'Array#each'
	from /Users/audren.mauplot/abtasty-landing/vendor/bundle/ruby/4.0.0/gems/mercenary-0.4.0/lib/mercenary/command.rb:221:in 'Mercenary::Command#execute'
	from /Users/audren.mauplot/abtasty-landing/vendor/bundle/ruby/4.0.0/gems/mercenary-0.4.0/lib/mercenary/program.rb:44:in 'Mercenary::Program#go'
	from /Users/audren.mauplot/abtasty-landing/vendor/bundle/ruby/4.0.0/gems/mercenary-0.4.0/lib/mercenary.rb:21:in 'Mercenary.program'
	from /Users/audren.mauplot/abtasty-landing/vendor/bundle/ruby/4.0.0/gems/jekyll-4.4.1/exe/jekyll:15:in '<top (required)>'
	from /opt/homebrew/Cellar/ruby/4.0.0/lib/ruby/4.0.0/rubygems.rb:303:in 'Kernel#load'
	from /opt/homebrew/Cellar/ruby/4.0.0/lib/ruby/4.0.0/rubygems.rb:303:in 'Gem.activate_and_load_bin_path'
	from /Users/audren.mauplot/abtasty-landing/vendor/bundle/ruby/4.0.0/bin/jekyll:25:in '<top (required)>'
	from /opt/homebrew/lib/ruby/gems/4.0.0/gems/bundler-4.0.3/lib/bundler/cli/exec.rb:61:in 'Kernel.load'
	from /opt/homebrew/lib/ruby/gems/4.0.0/gems/bundler-4.0.3/lib/bundler/cli/exec.rb:61:in 'Bundler::CLI::Exec#kernel_load'
	from /opt/homebrew/lib/ruby/gems/4.0.0/gems/bundler-4.0.3/lib/bundler/cli/exec.rb:24:in 'Bundler::CLI::Exec#run'
	from /opt/homebrew/lib/ruby/gems/4.0.0/gems/bundler-4.0.3/lib/bundler/cli.rb:500:in 'Bundler::CLI#exec'
	from /opt/homebrew/lib/ruby/gems/4.0.0/gems/bundler-4.0.3/lib/bundler/vendor/thor/lib/thor/command.rb:28:in 'Bundler::Thor::Command#run'
	from /opt/homebrew/lib/ruby/gems/4.0.0/gems/bundler-4.0.3/lib/bundler/vendor/thor/lib/thor/invocation.rb:127:in 'Bundler::Thor::Invocation#invoke_command'
	from /opt/homebrew/lib/ruby/gems/4.0.0/gems/bundler-4.0.3/lib/bundler/vendor/thor/lib/thor.rb:538:in 'Bundler::Thor.dispatch'
	from /opt/homebrew/lib/ruby/gems/4.0.0/gems/bundler-4.0.3/lib/bundler/cli.rb:35:in 'Bundler::CLI.dispatch'
	from /opt/homebrew/lib/ruby/gems/4.0.0/gems/bundler-4.0.3/lib/bundler/vendor/thor/lib/thor/base.rb:584:in 'Bundler::Thor::Base::ClassMethods#start'
	from /opt/homebrew/lib/ruby/gems/4.0.0/gems/bundler-4.0.3/lib/bundler/cli.rb:29:in 'Bundler::CLI.start'
	from /opt/homebrew/lib/ruby/gems/4.0.0/gems/bundler-4.0.3/exe/bundle:28:in 'block in <top (required)>'
	from /opt/homebrew/lib/ruby/gems/4.0.0/gems/bundler-4.0.3/lib/bundler/friendly_errors.rb:118:in 'Bundler.with_friendly_errors'
	from /opt/homebrew/lib/ruby/gems/4.0.0/gems/bundler-4.0.3/exe/bundle:20:in '<top (required)>'
	from /opt/homebrew/Cellar/ruby/4.0.0/lib/ruby/4.0.0/rubygems.rb:303:in 'Kernel#load'
	from /opt/homebrew/Cellar/ruby/4.0.0/lib/ruby/4.0.0/rubygems.rb:303:in 'Gem.activate_and_load_bin_path'
	from /opt/homebrew/opt/ruby/bin/bundle:25:in '<main>'
